// Jest Snapshot v1, https://goo.gl/fbAQLP

exports[`data should generate correct code with data object 1`] = `"module.exports = \\"<!DOCTYPE html>\\\\r\\\\n<html lang=\\\\\\"ru\\\\\\">\\\\r\\\\n<head>\\\\r\\\\n  <meta charset=\\\\\\"utf-8\\\\\\">\\\\r\\\\n  <meta name=\\\\\\"viewport\\\\\\" content=\\\\\\"width=device-width, initial-scale=1, maximum-scale=1\\\\\\">\\\\r\\\\n  <meta http-equiv=\\\\\\"X-UA-Compatible\\\\\\" content=\\\\\\"IE=edge\\\\\\">\\\\r\\\\n  <meta name=\\\\\\"format-detection\\\\\\" content=\\\\\\"telephone=no\\\\\\">\\\\r\\\\n  <meta name=\\\\\\"format-detection\\\\\\" content=\\\\\\"address=no\\\\\\">\\\\r\\\\n  <title>Some</title>\\\\r\\\\n</head>\\\\r\\\\n<body>\\\\r\\\\n  value\\\\r\\\\n</body>\\\\r\\\\n</html>\\\\r\\\\n\\";"`;

exports[`data should generate correct code with data.json 1`] = `"module.exports = \\"<!DOCTYPE html>\\\\r\\\\n<html lang=\\\\\\"ru\\\\\\">\\\\r\\\\n<head>\\\\r\\\\n  <meta charset=\\\\\\"utf-8\\\\\\">\\\\r\\\\n  <meta name=\\\\\\"viewport\\\\\\" content=\\\\\\"width=device-width, initial-scale=1, maximum-scale=1\\\\\\">\\\\r\\\\n  <meta http-equiv=\\\\\\"X-UA-Compatible\\\\\\" content=\\\\\\"IE=edge\\\\\\">\\\\r\\\\n  <meta name=\\\\\\"format-detection\\\\\\" content=\\\\\\"telephone=no\\\\\\">\\\\r\\\\n  <meta name=\\\\\\"format-detection\\\\\\" content=\\\\\\"address=no\\\\\\">\\\\r\\\\n  <title>Some</title>\\\\r\\\\n</head>\\\\r\\\\n<body>\\\\r\\\\n  from file\\\\r\\\\n</body>\\\\r\\\\n</html>\\\\r\\\\n\\";"`;
